[
  {
    "level": "error",
    "code": null,
    "message": "invalid typespec attribute, expected attribute in form #[typespec(key = value)]",
    "spans": [
      {
        "file_name": "sdk/typespec/typespec_derive/compilation-tests/src/model/bad_attributes.rs",
        "line": 8
      }
    ]
  },
  {
    "level": "error",
    "code": null,
    "message": "expected string literal",
    "spans": [
      {
        "file_name": "sdk/typespec/typespec_derive/compilation-tests/src/model/bad_attributes.rs",
        "line": 12
      }
    ]
  },
  {
    "level": "error",
    "code": null,
    "message": "expected string literal",
    "spans": [
      {
        "file_name": "sdk/typespec/typespec_derive/compilation-tests/src/model/bad_attributes.rs",
        "line": 16
      }
    ]
  },
  {
    "level": "error",
    "code": null,
    "message": "expected string literal",
    "spans": [
      {
        "file_name": "sdk/typespec/typespec_derive/compilation-tests/src/model/bad_attributes.rs",
        "line": 20
      }
    ]
  },
  {
    "level": "error",
    "code": null,
    "message": "invalid module path: a b c",
    "spans": [
      {
        "file_name": "sdk/typespec/typespec_derive/compilation-tests/src/model/bad_attributes.rs",
        "line": 24
      }
    ]
  },
  {
    "level": "error",
    "code": null,
    "message": "expected string literal",
    "spans": [
      {
        "file_name": "sdk/typespec/typespec_derive/compilation-tests/src/model/bad_attributes.rs",
        "line": 28
      }
    ]
  },
  {
    "level": "error",
    "code": null,
    "message": "invalid typespec attribute, expected attribute in form #[typespec(key = value)]",
    "spans": [
      {
        "file_name": "sdk/typespec/typespec_derive/compilation-tests/src/model/bad_attributes.rs",
        "line": 32
      }
    ]
  },
  {
    "level": "error",
    "code": null,
    "message": "invalid typespec attribute, expected attribute in form #[typespec(key = value)]",
    "spans": [
      {
        "file_name": "sdk/typespec/typespec_derive/compilation-tests/src/model/bad_attributes.rs",
        "line": 36
      }
    ]
  }
]
