[
  {
    "level": "error",
    "code": null,
    "message": "Unknown format 'blarg'",
    "spans": [
      {
        "file_name": "sdk/typespec/typespec_derive/compilation-tests/src/model/unknown_format.rs",
        "line": 5
      }
    ]
  }
]